Archive member included to satisfy reference by file (symbol)

/opt/st/stm32cubeide_1.14.0/plugins/com.st.stm32cube.ide.mcu.externaltools.gnu-tools-for-stm32.11.3.rel1.linux64_1.1.100.202309141235/tools/bin/../lib/gcc/arm-none-eabi/11.3.1/../../../../arm-none-eabi/lib/thumb/v7e-m+fp/hard/libc_nano.a(libc_a-exit.o)
                              /opt/st/stm32cubeide_1.14.0/plugins/com.st.stm32cube.ide.mcu.externaltools.gnu-tools-for-stm32.11.3.rel1.linux64_1.1.100.202309141235/tools/bin/../lib/gcc/arm-none-eabi/11.3.1/../../../../arm-none-eabi/lib/thumb/v7e-m+fp/hard/crt0.o (exit)
/opt/st/stm32cubeide_1.14.0/plugins/com.st.stm32cube.ide.mcu.externaltools.gnu-tools-for-stm32.11.3.rel1.linux64_1.1.100.202309141235/tools/bin/../lib/gcc/arm-none-eabi/11.3.1/../../../../arm-none-eabi/lib/thumb/v7e-m+fp/hard/libc_nano.a(libc_a-findfp.o)
                              /opt/st/stm32cubeide_1.14.0/plugins/com.st.stm32cube.ide.mcu.externaltools.gnu-tools-for-stm32.11.3.rel1.linux64_1.1.100.202309141235/tools/bin/../lib/gcc/arm-none-eabi/11.3.1/../../../../arm-none-eabi/lib/thumb/v7e-m+fp/hard/libc_nano.a(libc_a-exit.o) (__stdio_exit_handler)
/opt/st/stm32cubeide_1.14.0/plugins/com.st.stm32cube.ide.mcu.externaltools.gnu-tools-for-stm32.11.3.rel1.linux64_1.1.100.202309141235/tools/bin/../lib/gcc/arm-none-eabi/11.3.1/../../../../arm-none-eabi/lib/thumb/v7e-m+fp/hard/libc_nano.a(libc_a-fwalk.o)
                              /opt/st/stm32cubeide_1.14.0/plugins/com.st.stm32cube.ide.mcu.externaltools.gnu-tools-for-stm32.11.3.rel1.linux64_1.1.100.202309141235/tools/bin/../lib/gcc/arm-none-eabi/11.3.1/../../../../arm-none-eabi/lib/thumb/v7e-m+fp/hard/libc_nano.a(libc_a-findfp.o) (_fwalk_sglue)
/opt/st/stm32cubeide_1.14.0/plugins/com.st.stm32cube.ide.mcu.externaltools.gnu-tools-for-stm32.11.3.rel1.linux64_1.1.100.202309141235/tools/bin/../lib/gcc/arm-none-eabi/11.3.1/../../../../arm-none-eabi/lib/thumb/v7e-m+fp/hard/libc_nano.a(libc_a-stdio.o)
                              /opt/st/stm32cubeide_1.14.0/plugins/com.st.stm32cube.ide.mcu.externaltools.gnu-tools-for-stm32.11.3.rel1.linux64_1.1.100.202309141235/tools/bin/../lib/gcc/arm-none-eabi/11.3.1/../../../../arm-none-eabi/lib/thumb/v7e-m+fp/hard/libc_nano.a(libc_a-findfp.o) (__sread)
/opt/st/stm32cubeide_1.14.0/plugins/com.st.stm32cube.ide.mcu.externaltools.gnu-tools-for-stm32.11.3.rel1.linux64_1.1.100.202309141235/tools/bin/../lib/gcc/arm-none-eabi/11.3.1/../../../../arm-none-eabi/lib/thumb/v7e-m+fp/hard/libc_nano.a(libc_a-memset.o)
                              /opt/st/stm32cubeide_1.14.0/plugins/com.st.stm32cube.ide.mcu.externaltools.gnu-tools-for-stm32.11.3.rel1.linux64_1.1.100.202309141235/tools/bin/../lib/gcc/arm-none-eabi/11.3.1/../../../../arm-none-eabi/lib/thumb/v7e-m+fp/hard/crt0.o (memset)
/opt/st/stm32cubeide_1.14.0/plugins/com.st.stm32cube.ide.mcu.externaltools.gnu-tools-for-stm32.11.3.rel1.linux64_1.1.100.202309141235/tools/bin/../lib/gcc/arm-none-eabi/11.3.1/../../../../arm-none-eabi/lib/thumb/v7e-m+fp/hard/libc_nano.a(libc_a-closer.o)
                              /opt/st/stm32cubeide_1.14.0/plugins/com.st.stm32cube.ide.mcu.externaltools.gnu-tools-for-stm32.11.3.rel1.linux64_1.1.100.202309141235/tools/bin/../lib/gcc/arm-none-eabi/11.3.1/../../../../arm-none-eabi/lib/thumb/v7e-m+fp/hard/libc_nano.a(libc_a-stdio.o) (_close_r)
/opt/st/stm32cubeide_1.14.0/plugins/com.st.stm32cube.ide.mcu.externaltools.gnu-tools-for-stm32.11.3.rel1.linux64_1.1.100.202309141235/tools/bin/../lib/gcc/arm-none-eabi/11.3.1/../../../../arm-none-eabi/lib/thumb/v7e-m+fp/hard/libc_nano.a(libc_a-reent.o)
                              /opt/st/stm32cubeide_1.14.0/plugins/com.st.stm32cube.ide.mcu.externaltools.gnu-tools-for-stm32.11.3.rel1.linux64_1.1.100.202309141235/tools/bin/../lib/gcc/arm-none-eabi/11.3.1/../../../../arm-none-eabi/lib/thumb/v7e-m+fp/hard/libc_nano.a(libc_a-closer.o) (errno)
/opt/st/stm32cubeide_1.14.0/plugins/com.st.stm32cube.ide.mcu.externaltools.gnu-tools-for-stm32.11.3.rel1.linux64_1.1.100.202309141235/tools/bin/../lib/gcc/arm-none-eabi/11.3.1/../../../../arm-none-eabi/lib/thumb/v7e-m+fp/hard/libc_nano.a(libc_a-impure.o)
                              /opt/st/stm32cubeide_1.14.0/plugins/com.st.stm32cube.ide.mcu.externaltools.gnu-tools-for-stm32.11.3.rel1.linux64_1.1.100.202309141235/tools/bin/../lib/gcc/arm-none-eabi/11.3.1/../../../../arm-none-eabi/lib/thumb/v7e-m+fp/hard/libc_nano.a(libc_a-reent.o) (_impure_ptr)
/opt/st/stm32cubeide_1.14.0/plugins/com.st.stm32cube.ide.mcu.externaltools.gnu-tools-for-stm32.11.3.rel1.linux64_1.1.100.202309141235/tools/bin/../lib/gcc/arm-none-eabi/11.3.1/../../../../arm-none-eabi/lib/thumb/v7e-m+fp/hard/libc_nano.a(libc_a-lseekr.o)
                              /opt/st/stm32cubeide_1.14.0/plugins/com.st.stm32cube.ide.mcu.externaltools.gnu-tools-for-stm32.11.3.rel1.linux64_1.1.100.202309141235/tools/bin/../lib/gcc/arm-none-eabi/11.3.1/../../../../arm-none-eabi/lib/thumb/v7e-m+fp/hard/libc_nano.a(libc_a-stdio.o) (_lseek_r)
[...]
Memory Configuration

Name             Origin             Length             Attributes
RAM              0x0000000020000000 0x0000000000010000 xrw
FLASH            0x0000000008000000 0x0000000000040000 xr
*default*        0x0000000000000000 0xffffffffffffffff

Linker script and memory map

LOAD /opt/st/stm32cubeide_1.14.0/plugins/com.st.stm32cube.ide.mcu.externaltools.gnu-tools-for-stm32.11.3.rel1.linux64_1.1.100.202309141235/tools/bin/../lib/gcc/arm-none-eabi/11.3.1/thumb/v7e-m+fp/hard/crti.o
LOAD /opt/st/stm32cubeide_1.14.0/plugins/com.st.stm32cube.ide.mcu.externaltools.gnu-tools-for-stm32.11.3.rel1.linux64_1.1.100.202309141235/tools/bin/../lib/gcc/arm-none-eabi/11.3.1/thumb/v7e-m+fp/hard/crtbegin.o
LOAD /opt/st/stm32cubeide_1.14.0/plugins/com.st.stm32cube.ide.mcu.externaltools.gnu-tools-for-stm32.11.3.rel1.linux64_1.1.100.202309141235/tools/bin/../lib/gcc/arm-none-eabi/11.3.1/../../../../arm-none-eabi/lib/thumb/v7e-m+fp/hard/crt0.o
LOAD ./Core/Src/NRF24L01.o
LOAD ./Core/Src/gpio.o
LOAD ./Core/Src/main.o
LOAD ./Core/Src/spi.o
LOAD ./Core/Src/stm32f4xx_hal_msp.o
LOAD ./Core/Src/stm32f4xx_it.o
LOAD ./Core/Src/syscalls.o
LOAD ./Core/Src/sysmem.o
LOAD ./Core/Src/system_stm32f4xx.o
LOAD ./Core/Src/tim.o
LOAD ./Core/Startup/startup_stm32f401ccux.o
LOAD ./Drivers/STM32F4xx_HAL_Driver/Src/stm32f4xx_hal.o
LOAD ./Drivers/STM32F4xx_HAL_Driver/Src/stm32f4xx_hal_cortex.o
LOAD ./Drivers/STM32F4xx_HAL_Driver/Src/stm32f4xx_hal_dma.o
LOAD ./Drivers/STM32F4xx_HAL_Driver/Src/stm32f4xx_hal_dma_ex.o
LOAD ./Drivers/STM32F4xx_HAL_Driver/Src/stm32f4xx_hal_exti.o
LOAD ./Drivers/STM32F4xx_HAL_Driver/Src/stm32f4xx_hal_flash.o
LOAD ./Drivers/STM32F4xx_HAL_Driver/Src/stm32f4xx_hal_flash_ex.o
LOAD ./Drivers/STM32F4xx_HAL_Driver/Src/stm32f4xx_hal_flash_ramfunc.o
LOAD ./Drivers/STM32F4xx_HAL_Driver/Src/stm32f4xx_hal_gpio.o
LOAD ./Drivers/STM32F4xx_HAL_Driver/Src/stm32f4xx_hal_pwr.o
LOAD ./Drivers/STM32F4xx_HAL_Driver/Src/stm32f4xx_hal_pwr_ex.o
LOAD ./Drivers/STM32F4xx_HAL_Driver/Src/stm32f4xx_hal_rcc.o
LOAD ./Drivers/STM32F4xx_HAL_Driver/Src/stm32f4xx_hal_rcc_ex.o
LOAD ./Drivers/STM32F4xx_HAL_Driver/Src/stm32f4xx_hal_spi.o
LOAD ./Drivers/STM32F4xx_HAL_Driver/Src/stm32f4xx_hal_tim.o
LOAD ./Drivers/STM32F4xx_HAL_Driver/Src/stm32f4xx_hal_tim_ex.o
START GROUP
LOAD /opt/st/stm32cubeide_1.14.0/plugins/com.st.stm32cube.ide.mcu.externaltools.gnu-tools-for-stm32.11.3.rel1.linux64_1.1.100.202309141235/tools/bin/../lib/gcc/arm-none-eabi/11.3.1/../../../../arm-none-eabi/lib/thumb/v7e-m+fp/hard/libc_nano.a
LOAD /opt/st/stm32cubeide_1.14.0/plugins/com.st.stm32cube.ide.mcu.externaltools.gnu-tools-for-stm32.11.3.rel1.linux64_1.1.100.202309141235/tools/bin/../lib/gcc/arm-none-eabi/11.3.1/../../../../arm-none-eabi/lib/thumb/v7e-m+fp/hard/libm.a
END GROUP
START GROUP
LOAD /opt/st/stm32cubeide_1.14.0/plugins/com.st.stm32cube.ide.mcu.externaltools.gnu-tools-for-stm32.11.3.rel1.linux64_1.1.100.202309141235/tools/bin/../lib/gcc/arm-none-eabi/11.3.1/thumb/v7e-m+fp/hard/libgcc.a
LOAD /opt/st/stm32cubeide_1.14.0/plugins/com.st.stm32cube.ide.mcu.externaltools.gnu-tools-for-stm32.11.3.rel1.linux64_1.1.100.202309141235/tools/bin/../lib/gcc/arm-none-eabi/11.3.1/../../../../arm-none-eabi/lib/thumb/v7e-m+fp/hard/libc_nano.a
END GROUP
START GROUP
LOAD /opt/st/stm32cubeide_1.14.0/plugins/com.st.stm32cube.ide.mcu.externaltools.gnu-tools-for-stm32.11.3.rel1.linux64_1.1.100.202309141235/tools/bin/../lib/gcc/arm-none-eabi/11.3.1/thumb/v7e-m+fp/hard/libgcc.a
LOAD /opt/st/stm32cubeide_1.14.0/plugins/com.st.stm32cube.ide.mcu.externaltools.gnu-tools-for-stm32.11.3.rel1.linux64_1.1.100.202309141235/tools/bin/../lib/gcc/arm-none-eabi/11.3.1/../../../../arm-none-eabi/lib/thumb/v7e-m+fp/hard/libc_nano.a
LOAD /opt/st/stm32cubeide_1.14.0/plugins/com.st.stm32cube.ide.mcu.externaltools.gnu-tools-for-stm32.11.3.rel1.linux64_1.1.100.202309141235/tools/bin/../lib/gcc/arm-none-eabi/11.3.1/../../../../arm-none-eabi/lib/thumb/v7e-m+fp/hard/libnosys.a
END GROUP
START GROUP
LOAD /opt/st/stm32cubeide_1.14.0/plugins/com.st.stm32cube.ide.mcu.externaltools.gnu-tools-for-stm32.11.3.rel1.linux64_1.1.100.202309141235/tools/bin/../lib/gcc/arm-none-eabi/11.3.1/thumb/v7e-m+fp/hard/libgcc.a
LOAD /opt/st/stm32cubeide_1.14.0/plugins/com.st.stm32cube.ide.mcu.externaltools.gnu-tools-for-stm32.11.3.rel1.linux64_1.1.100.202309141235/tools/bin/../lib/gcc/arm-none-eabi/11.3.1/../../../../arm-none-eabi/lib/thumb/v7e-m+fp/hard/libc_nano.a
LOAD /opt/st/stm32cubeide_1.14.0/plugins/com.st.stm32cube.ide.mcu.externaltools.gnu-tools-for-stm32.11.3.rel1.linux64_1.1.100.202309141235/tools/bin/../lib/gcc/arm-none-eabi/11.3.1/../../../../arm-none-eabi/lib/thumb/v7e-m+fp/hard/libnosys.a
END GROUP
LOAD /opt/st/stm32cubeide_1.14.0/plugins/com.st.stm32cube.ide.mcu.externaltools.gnu-tools-for-stm32.11.3.rel1.linux64_1.1.100.202309141235/tools/bin/../lib/gcc/arm-none-eabi/11.3.1/thumb/v7e-m+fp/hard/crtend.o
LOAD /opt/st/stm32cubeide_1.14.0/plugins/com.st.stm32cube.ide.mcu.externaltools.gnu-tools-for-stm32.11.3.rel1.linux64_1.1.100.202309141235/tools/bin/../lib/gcc/arm-none-eabi/11.3.1/thumb/v7e-m+fp/hard/crtn.o
                0x0000000020010000                _estack = (ORIGIN (RAM) + LENGTH (RAM))
                0x0000000000000200                _Min_Heap_Size = 0x200
                0x0000000000000400                _Min_Stack_Size = 0x400

.isr_vector     0x0000000008000000      0x194
                0x0000000008000000                . = ALIGN (0x4)
 *(.isr_vector)
 .isr_vector    0x0000000008000000      0x194 ./Core/Startup/startup_stm32f401ccux.o
                0x0000000008000000                g_pfnVectors
                0x0000000008000194                . = ALIGN (0x4)

.text           0x0000000008000198     0x4630
                0x0000000008000198                . = ALIGN (0x4)
 *(.text)
 .text          0x0000000008000198       0x40 /opt/st/stm32cubeide_1.14.0/plugins/com.st.stm32cube.ide.mcu.externaltools.gnu-tools-for-stm32.11.3.rel1.linux64_1.1.100.202309141235/tools/bin/../lib/gcc/arm-none-eabi/11.3.1/thumb/v7e-m+fp/hard/crtbegin.o
 .text          0x00000000080001d8      0x378 /opt/st/stm32cubeide_1.14.0/plugins/com.st.stm32cube.ide.mcu.externaltools.gnu-tools-for-stm32.11.3.rel1.linux64_1.1.100.202309141235/tools/bin/../lib/gcc/arm-none-eabi/11.3.1/thumb/v7e-m+fp/hard/libgcc.a(_arm_addsubdf3.o)
                0x00000000080001d8                __aeabi_drsub
                0x00000000080001e0                __aeabi_dsub
                0x00000000080001e0                __subdf3
                0x00000000080001e4                __adddf3
                0x00000000080001e4                __aeabi_dadd
                0x000000000800045c                __aeabi_ui2d
                0x000000000800045c                __floatunsidf
                0x000000000800047c                __floatsidf
                0x000000000800047c                __aeabi_i2d
                0x00000000080004a0                __extendsfdf2
                0x00000000080004a0                __aeabi_f2d
                0x00000000080004e4                __aeabi_ul2d
                0x00000000080004e4                __floatundidf
                0x00000000080004f4                __floatdidf
                0x00000000080004f4                __aeabi_l2d
 .text          0x0000000008000550      0x424 /opt/st/stm32cubeide_1.14.0/plugins/com.st.stm32cube.ide.mcu.externaltools.gnu-tools-for-stm32.11.3.rel1.linux64_1.1.100.202309141235/tools/bin/../lib/gcc/arm-none-eabi/11.3.1/thumb/v7e-m+fp/hard/libgcc.a(_arm_muldivdf3.o)
                0x0000000008000550                __aeabi_dmul
                0x0000000008000550                __muldf3
                0x00000000080007a4                __aeabi_ddiv
                0x00000000080007a4                __divdf3
 .text          0x0000000008000974       0xa0 /opt/st/stm32cubeide_1.14.0/plugins/com.st.stm32cube.ide.mcu.externaltools.gnu-tools-for-stm32.11.3.rel1.linux64_1.1.100.202309141235/tools/bin/../lib/gcc/arm-none-eabi/11.3.1/thumb/v7e-m+fp/hard/libgcc.a(_arm_truncdfsf2.o)
                0x0000000008000974                __aeabi_d2f
                0x0000000008000974                __truncdfsf2
 .text          0x0000000008000a14       0x30 /opt/st/stm32cubeide_1.14.0/plugins/com.st.stm32cube.ide.mcu.externaltools.gnu-tools-for-stm32.11.3.rel1.linux64_1.1.100.202309141235/tools/bin/../lib/gcc/arm-none-eabi/11.3.1/thumb/v7e-m+fp/hard/libgcc.a(_aeabi_uldivmod.o)
                0x0000000008000a14                __aeabi_uldivmod
 .text          0x0000000008000a44      0x2c8 /opt/st/stm32cubeide_1.14.0/plugins/com.st.stm32cube.ide.mcu.externaltools.gnu-tools-for-stm32.11.3.rel1.linux64_1.1.100.202309141235/tools/bin/../lib/gcc/arm-none-eabi/11.3.1/thumb/v7e-m+fp/hard/libgcc.a(_udivmoddi4.o)
                0x0000000008000a44                __udivmoddi4
 .text          0x0000000008000d0c        0x4 /opt/st/stm32cubeide_1.14.0/plugins/com.st.stm32cube.ide.mcu.externaltools.gnu-tools-for-stm32.11.3.rel1.linux64_1.1.100.202309141235/tools/bin/../lib/gcc/arm-none-eabi/11.3.1/thumb/v7e-m+fp/hard/libgcc.a(_dvmd_tls.o)
                0x0000000008000d0c                __aeabi_ldiv0
                0x0000000008000d0c                __aeabi_idiv0
 *(.text*)
 .text.nrf24_WriteReg
                0x0000000008000d10       0x50 ./Core/Src/NRF24L01.o
 .text.nrf24_WriteReg_Multi
                0x0000000008000d60       0x58 ./Core/Src/NRF24L01.o
 .text.nrf24_ReadReg
                0x0000000008000db8       0x4c ./Core/Src/NRF24L01.o
 .text.nrfsendCmd
                0x0000000008000e04       0x3c ./Core/Src/NRF24L01.o
 .text.nrf24_reset
                0x0000000008000e40      0x150 ./Core/Src/NRF24L01.o
                0x0000000008000e40                nrf24_reset
 .text.NRF24_Init
                0x0000000008000f90       0x54 ./Core/Src/NRF24L01.o
                0x0000000008000f90                NRF24_Init
 .text.SetRF    0x0000000008000fe4       0x78 ./Core/Src/NRF24L01.o
                0x0000000008000fe4                SetRF
 .text.NRF24_RxMode
                0x000000000800105c       0x7c ./Core/Src/NRF24L01.o
                0x000000000800105c                NRF24_RxMode
 .text.DataReady
                0x00000000080010d8       0x46 ./Core/Src/NRF24L01.o
                0x00000000080010d8                DataReady
 .text.RxFifoEmpty
                0x000000000800111e       0x1a ./Core/Src/NRF24L01.o
                0x000000000800111e                RxFifoEmpty
 .text.NRF24_Receive
                0x0000000008001138       0x64 ./Core/Src/NRF24L01.o
                0x0000000008001138                NRF24_Receive
 .text.MX_GPIO_Init
                0x000000000800119c       0xa0 ./Core/Src/gpio.o
                0x000000000800119c                MX_GPIO_Init
 .text.map      0x000000000800123c       0x8c ./Core/Src/main.o
                0x000000000800123c                map
 .text.reset_data
                0x00000000080012c8       0x44 ./Core/Src/main.o
                0x00000000080012c8                reset_data
 *fill*         0x000000000800130c        0x4 
 .text.main     0x0000000008001310      0x520 ./Core/Src/main.o
                0x0000000008001310                main
 .text.SystemClock_Config
                0x0000000008001830       0xd4 ./Core/Src/main.o
                0x0000000008001830                SystemClock_Config
 .text.Error_Handler
                0x0000000008001904        0xa ./Core/Src/main.o
                0x0000000008001904                Error_Handler
 *fill*         0x000000000800190e        0x2 
 .text.MX_SPI1_Init
                0x0000000008001910       0x6c ./Core/Src/spi.o
                0x0000000008001910                MX_SPI1_Init
 .text.HAL_SPI_MspInit
                0x000000000800197c       0x90 ./Core/Src/spi.o
                0x000000000800197c                HAL_SPI_MspInit
 .text.HAL_MspInit
                0x0000000008001a0c       0x50 ./Core/Src/stm32f4xx_hal_msp.o
                0x0000000008001a0c                HAL_MspInit
 .text.NMI_Handler
                0x0000000008001a5c        0x6 ./Core/Src/stm32f4xx_it.o
                0x0000000008001a5c                NMI_Handler
 .text.HardFault_Handler
                0x0000000008001a62        0x6 ./Core/Src/stm32f4xx_it.o
                0x0000000008001a62                HardFault_Handler
 .text.MemManage_Handler
                0x0000000008001a68        0x6 ./Core/Src/stm32f4xx_it.o
                0x0000000008001a68                MemManage_Handler
 .text.BusFault_Handler
                0x0000000008001a6e        0x6 ./Core/Src/stm32f4xx_it.o
                0x0000000008001a6e                BusFault_Handler
 .text.UsageFault_Handler
                0x0000000008001a74        0x6 ./Core/Src/stm32f4xx_it.o
                0x0000000008001a74                UsageFault_Handler
 .text.SVC_Handler
                0x0000000008001a7a        0xe ./Core/Src/stm32f4xx_it.o
                0x0000000008001a7a                SVC_Handler
 .text.DebugMon_Handler
                0x0000000008001a88        0xe ./Core/Src/stm32f4xx_it.o
                0x0000000008001a88                DebugMon_Handler
 .text.PendSV_Handler
                0x0000000008001a96        0xe ./Core/Src/stm32f4xx_it.o
                0x0000000008001a96                PendSV_Handler
 .text.SysTick_Handler
                0x0000000008001aa4        0xc ./Core/Src/stm32f4xx_it.o
                0x0000000008001aa4                SysTick_Handler
 .text.SystemInit
                0x0000000008001ab0       0x24 ./Core/Src/system_stm32f4xx.o
                0x0000000008001ab0                SystemInit
 .text.MX_TIM1_Init
                0x0000000008001ad4      0x140 ./Core/Src/tim.o
                0x0000000008001ad4                MX_TIM1_Init
 .text.MX_TIM2_Init
                0x0000000008001c14       0xf4 ./Core/Src/tim.o
                0x0000000008001c14                MX_TIM2_Init
 .text.MX_TIM3_Init
                0x0000000008001d08       0xf4 ./Core/Src/tim.o
                0x0000000008001d08                MX_TIM3_Init
 .text.HAL_TIM_Base_MspInit
                0x0000000008001dfc       0x44 ./Core/Src/tim.o
                0x0000000008001dfc                HAL_TIM_Base_MspInit
 .text.HAL_TIM_PWM_MspInit
                0x0000000008001e40       0x6c ./Core/Src/tim.o
                0x0000000008001e40                HAL_TIM_PWM_MspInit
 .text.HAL_TIM_MspPostInit
                0x0000000008001eac      0x148 ./Core/Src/tim.o
                0x0000000008001eac                HAL_TIM_MspPostInit
 .text.Reset_Handler
                0x0000000008001ff4       0x50 ./Core/Startup/startup_stm32f401ccux.o
                0x0000000008001ff4                Reset_Handler
 .text.Default_Handler
                0x0000000008002044        0x2 ./Core/Startup/startup_stm32f401ccux.o
                0x0000000008002044                RTC_Alarm_IRQHandler
                0x0000000008002044                EXTI2_IRQHandler
                0x0000000008002044                SPI4_IRQHandler
                0x0000000008002044                TIM1_CC_IRQHandler
                0x0000000008002044                DMA2_Stream5_IRQHandler
                0x0000000008002044                DMA1_Stream5_IRQHandler
                0x0000000008002044                PVD_IRQHandler
                0x0000000008002044                SDIO_IRQHandler
                0x0000000008002044                TAMP_STAMP_IRQHandler
                0x0000000008002044                EXTI3_IRQHandler
                0x0000000008002044                TIM1_UP_TIM10_IRQHandler
                0x0000000008002044                I2C3_ER_IRQHandler
                0x0000000008002044                EXTI0_IRQHandler
                0x0000000008002044                I2C2_EV_IRQHandler
                0x0000000008002044                DMA1_Stream2_IRQHandler
                0x0000000008002044                FPU_IRQHandler
                0x0000000008002044                DMA2_Stream2_IRQHandler
                0x0000000008002044                SPI1_IRQHandler
                0x0000000008002044                TIM1_BRK_TIM9_IRQHandler
                0x0000000008002044                DMA2_Stream3_IRQHandler
                0x0000000008002044                USART6_IRQHandler
                0x0000000008002044                DMA2_Stream0_IRQHandler
                0x0000000008002044                TIM4_IRQHandler
                0x0000000008002044                I2C1_EV_IRQHandler
                0x0000000008002044                DMA1_Stream6_IRQHandler
                0x0000000008002044                DMA1_Stream1_IRQHandler
                0x0000000008002044                TIM3_IRQHandler
                0x0000000008002044                RCC_IRQHandler
                0x0000000008002044                Default_Handler
                0x0000000008002044                EXTI15_10_IRQHandler
                0x0000000008002044                ADC_IRQHandler
                0x0000000008002044                DMA1_Stream7_IRQHandler
                0x0000000008002044                TIM5_IRQHandler
                0x0000000008002044                DMA2_Stream7_IRQHandler
                0x0000000008002044                I2C3_EV_IRQHandler
                0x0000000008002044                EXTI9_5_IRQHandler
                0x0000000008002044                RTC_WKUP_IRQHandler
                0x0000000008002044                SPI2_IRQHandler
                0x0000000008002044                DMA1_Stream0_IRQHandler
                0x0000000008002044                EXTI4_IRQHandler
                0x0000000008002044                WWDG_IRQHandler
                0x0000000008002044                TIM2_IRQHandler
                0x0000000008002044                OTG_FS_WKUP_IRQHandler
                0x0000000008002044                TIM1_TRG_COM_TIM11_IRQHandler
                0x0000000008002044                EXTI1_IRQHandler
                0x0000000008002044                USART2_IRQHandler
                0x0000000008002044                I2C2_ER_IRQHandler
                0x0000000008002044                DMA2_Stream1_IRQHandler
                0x0000000008002044                FLASH_IRQHandler
                0x0000000008002044                DMA2_Stream4_IRQHandler
                0x0000000008002044                USART1_IRQHandler
                0x0000000008002044                OTG_FS_IRQHandler
                0x0000000008002044                SPI3_IRQHandler
                0x0000000008002044                DMA1_Stream4_IRQHandler
                0x0000000008002044                I2C1_ER_IRQHandler
                0x0000000008002044                DMA2_Stream6_IRQHandler
                0x0000000008002044                DMA1_Stream3_IRQHandler
 *fill*         0x0000000008002046        0x2 
 .text.HAL_Init
                0x0000000008002048       0x44 ./Drivers/STM32F4xx_HAL_Driver/Src/stm32f4xx_hal.o
                0x0000000008002048                HAL_Init
 .text.HAL_InitTick
                0x000000000800208c       0x60 ./Drivers/STM32F4xx_HAL_Driver/Src/stm32f4xx_hal.o
                0x000000000800208c                HAL_InitTick
 .text.HAL_IncTick
                0x00000000080020ec       0x28 ./Drivers/STM32F4xx_HAL_Driver/Src/stm32f4xx_hal.o
                0x00000000080020ec                HAL_IncTick
 .text.HAL_GetTick
                0x0000000008002114       0x18 ./Drivers/STM32F4xx_HAL_Driver/Src/stm32f4xx_hal.o
                0x0000000008002114                HAL_GetTick
 .text.HAL_Delay
                0x000000000800212c       0x48 ./Drivers/STM32F4xx_HAL_Driver/Src/stm32f4xx_hal.o
                0x000000000800212c                HAL_Delay
 .text.__NVIC_SetPriorityGrouping
                0x0000000008002174       0x48 ./Drivers/STM32F4xx_HAL_Driver/Src/stm32f4xx_hal_cortex.o
 .text.__NVIC_GetPriorityGrouping
                0x00000000080021bc       0x1c ./Drivers/STM32F4xx_HAL_Driver/Src/stm32f4xx_hal_cortex.o
 .text.__NVIC_SetPriority
                0x00000000080021d8       0x54 ./Drivers/STM32F4xx_HAL_Driver/Src/stm32f4xx_hal_cortex.o
 .text.NVIC_EncodePriority
                0x000000000800222c       0x66 ./Drivers/STM32F4xx_HAL_Driver/Src/stm32f4xx_hal_cortex.o
 *fill*         0x0000000008002292        0x2 
 .text.SysTick_Config
                0x0000000008002294       0x44 ./Drivers/STM32F4xx_HAL_Driver/Src/stm32f4xx_hal_cortex.o
 .text.HAL_NVIC_SetPriorityGrouping
                0x00000000080022d8       0x16 ./Drivers/STM32F4xx_HAL_Driver/Src/stm32f4xx_hal_cortex.o
                0x00000000080022d8                HAL_NVIC_SetPriorityGrouping
 .text.HAL_NVIC_SetPriority
                0x00000000080022ee       0x38 ./Drivers/STM32F4xx_HAL_Driver/Src/stm32f4xx_hal_cortex.o
                0x00000000080022ee                HAL_NVIC_SetPriority
 .text.HAL_SYSTICK_Config
                0x0000000008002326       0x18 ./Drivers/STM32F4xx_HAL_Driver/Src/stm32f4xx_hal_cortex.o
                0x0000000008002326                HAL_SYSTICK_Config
 *fill*         0x000000000800233e        0x2 
 .text.HAL_GPIO_Init
                0x0000000008002340      0x308 ./Drivers/STM32F4xx_HAL_Driver/Src/stm32f4xx_hal_gpio.o
                0x0000000008002340                HAL_GPIO_Init
 .text.HAL_GPIO_WritePin
                0x0000000008002648       0x32 ./Drivers/STM32F4xx_HAL_Driver/Src/stm32f4xx_hal_gpio.o
                0x0000000008002648                HAL_GPIO_WritePin
 *fill*         0x000000000800267a        0x2 
 .text.HAL_RCC_OscConfig
                0x000000000800267c      0x4f0 ./Drivers/STM32F4xx_HAL_Driver/Src/stm32f4xx_hal_rcc.o
                0x000000000800267c                HAL_RCC_OscConfig
 .text.HAL_RCC_ClockConfig
                0x0000000008002b6c      0x1cc ./Drivers/STM32F4xx_HAL_Driver/Src/stm32f4xx_hal_rcc.o
                0x0000000008002b6c                HAL_RCC_ClockConfig
 .text.HAL_RCC_GetSysClockFreq
                0x0000000008002d38      0x208 ./Drivers/STM32F4xx_HAL_Driver/Src/stm32f4xx_hal_rcc.o
                0x0000000008002d38                HAL_RCC_GetSysClockFreq
 .text.HAL_SPI_Init
                0x0000000008002f40      0x112 ./Drivers/STM32F4xx_HAL_Driver/Src/stm32f4xx_hal_spi.o
                0x0000000008002f40                HAL_SPI_Init
 .text.HAL_SPI_Transmit
                0x0000000008003052      0x278 ./Drivers/STM32F4xx_HAL_Driver/Src/stm32f4xx_hal_spi.o
                0x0000000008003052                HAL_SPI_Transmit
 .text.HAL_SPI_Receive
                0x00000000080032ca      0x222 ./Drivers/STM32F4xx_HAL_Driver/Src/stm32f4xx_hal_spi.o
                0x00000000080032ca                HAL_SPI_Receive
 .text.HAL_SPI_TransmitReceive
                0x00000000080034ec      0x344 ./Drivers/STM32F4xx_HAL_Driver/Src/stm32f4xx_hal_spi.o
                0x00000000080034ec                HAL_SPI_TransmitReceive
 .text.SPI_WaitFlagStateUntilTimeout
                0x0000000008003830      0x110 ./Drivers/STM32F4xx_HAL_Driver/Src/stm32f4xx_hal_spi.o
 .text.SPI_EndRxTransaction
                0x0000000008003940       0xca ./Drivers/STM32F4xx_HAL_Driver/Src/stm32f4xx_hal_spi.o
 *fill*         0x0000000008003a0a        0x2 
 .text.SPI_EndRxTxTransaction
                0x0000000008003a0c       0x84 ./Drivers/STM32F4xx_HAL_Driver/Src/stm32f4xx_hal_spi.o
 .text.HAL_TIM_Base_Init
                0x0000000008003a90       0x9e ./Drivers/STM32F4xx_HAL_Driver/Src/stm32f4xx_hal_tim.o
                0x0000000008003a90                HAL_TIM_Base_Init
 .text.HAL_TIM_PWM_Init
                0x0000000008003b2e       0x9e ./Drivers/STM32F4xx_HAL_Driver/Src/stm32f4xx_hal_tim.o
                0x0000000008003b2e                HAL_TIM_PWM_Init
 .text.HAL_TIM_PWM_Start
                0x0000000008003bcc      0x160 ./Drivers/STM32F4xx_HAL_Driver/Src/stm32f4xx_hal_tim.o
                0x0000000008003bcc                HAL_TIM_PWM_Start
 .text.HAL_TIM_PWM_ConfigChannel
                0x0000000008003d2c      0x184 ./Drivers/STM32F4xx_HAL_Driver/Src/stm32f4xx_hal_tim.o
                0x0000000008003d2c                HAL_TIM_PWM_ConfigChannel
 .text.HAL_TIM_ConfigClockSource
                0x0000000008003eb0      0x18e ./Drivers/STM32F4xx_HAL_Driver/Src/stm32f4xx_hal_tim.o
                0x0000000008003eb0                HAL_TIM_ConfigClockSource
 *fill*         0x000000000800403e        0x2 
 .text.TIM_Base_SetConfig
                0x0000000008004040      0x100 ./Drivers/STM32F4xx_HAL_Driver/Src/stm32f4xx_hal_tim.o
                0x0000000008004040                TIM_Base_SetConfig
 .text.TIM_OC1_SetConfig
                0x0000000008004140       0xcc ./Drivers/STM32F4xx_HAL_Driver/Src/stm32f4xx_hal_tim.o
 .text.TIM_OC2_SetConfig
                0x000000000800420c       0xd8 ./Drivers/STM32F4xx_HAL_Driver/Src/stm32f4xx_hal_tim.o
                0x000000000800420c                TIM_OC2_SetConfig
 .text.TIM_OC3_SetConfig
                0x00000000080042e4       0xd4 ./Drivers/STM32F4xx_HAL_Driver/Src/stm32f4xx_hal_tim.o
 .text.TIM_OC4_SetConfig
                0x00000000080043b8       0xa0 ./Drivers/STM32F4xx_HAL_Driver/Src/stm32f4xx_hal_tim.o
 .text.TIM_TI1_ConfigInputStage
                0x0000000008004458       0x5e ./Drivers/STM32F4xx_HAL_Driver/Src/stm32f4xx_hal_tim.o
 .text.TIM_TI2_ConfigInputStage
                0x00000000080044b6       0x60 ./Drivers/STM32F4xx_HAL_Driver/Src/stm32f4xx_hal_tim.o
 .text.TIM_ITRx_SetConfig
                0x0000000008004516       0x36 ./Drivers/STM32F4xx_HAL_Driver/Src/stm32f4xx_hal_tim.o
 .text.TIM_ETR_SetConfig
                0x000000000800454c       0x40 ./Drivers/STM32F4xx_HAL_Driver/Src/stm32f4xx_hal_tim.o
                0x000000000800454c                TIM_ETR_SetConfig
 .text.TIM_CCxChannelCmd
                0x000000000800458c       0x4a ./Drivers/STM32F4xx_HAL_Driver/Src/stm32f4xx_hal_tim.o
                0x000000000800458c                TIM_CCxChannelCmd
 *fill*         0x00000000080045d6        0x2 
 .text.HAL_TIMEx_MasterConfigSynchronization
                0x00000000080045d8       0xdc ./Drivers/STM32F4xx_HAL_Driver/Src/stm32f4xx_hal_tim_ex.o
                0x00000000080045d8                HAL_TIMEx_MasterConfigSynchronization
 .text.HAL_TIMEx_ConfigBreakDeadTime
                0x00000000080046b4       0xa4 ./Drivers/STM32F4xx_HAL_Driver/Src/stm32f4xx_hal_tim_ex.o
                0x00000000080046b4                HAL_TIMEx_ConfigBreakDeadTime
 .text.memset   0x0000000008004758       0x10 /opt/st/stm32cubeide_1.14.0/plugins/com.st.stm32cube.ide.mcu.externaltools.gnu-tools-for-stm32.11.3.rel1.linux64_1.1.100.202309141235/tools/bin/../lib/gcc/arm-none-eabi/11.3.1/../../../../arm-none-eabi/lib/thumb/v7e-m+fp/hard/libc_nano.a(libc_a-memset.o)
                0x0000000008004758                memset
 .text.__libc_init_array
                0x0000000008004768       0x48 /opt/st/stm32cubeide_1.14.0/plugins/com.st.stm32cube.ide.mcu.externaltools.gnu-tools-for-stm32.11.3.rel1.linux64_1.1.100.202309141235/tools/bin/../lib/gcc/arm-none-eabi/11.3.1/../../../../arm-none-eabi/lib/thumb/v7e-m+fp/hard/libc_nano.a(libc_a-init.o)
                0x0000000008004768                __libc_init_array
 *(.glue_7)
 .glue_7        0x00000000080047b0        0x0 linker stubs
 *(.glue_7t)
 .glue_7t       0x00000000080047b0        0x0 linker stubs
 *(.eh_frame)
 .eh_frame      0x00000000080047b0        0x0 /opt/st/stm32cubeide_1.14.0/plugins/com.st.stm32cube.ide.mcu.externaltools.gnu-tools-for-stm32.11.3.rel1.linux64_1.1.100.202309141235/tools/bin/../lib/gcc/arm-none-eabi/11.3.1/thumb/v7e-m+fp/hard/crtbegin.o
 *(.init)
 .init          0x00000000080047b0        0x4 /opt/st/stm32cubeide_1.14.0/plugins/com.st.stm32cube.ide.mcu.externaltools.gnu-tools-for-stm32.11.3.rel1.linux64_1.1.100.202309141235/tools/bin/../lib/gcc/arm-none-eabi/11.3.1/thumb/v7e-m+fp/hard/crti.o
                0x00000000080047b0                _init
 .init          0x00000000080047b4        0x8 /opt/st/stm32cubeide_1.14.0/plugins/com.st.stm32cube.ide.mcu.externaltools.gnu-tools-for-stm32.11.3.rel1.linux64_1.1.100.202309141235/tools/bin/../lib/gcc/arm-none-eabi/11.3.1/thumb/v7e-m+fp/hard/crtn.o
 *(.fini)
 .fini          0x00000000080047bc        0x4 /opt/st/stm32cubeide_1.14.0/plugins/com.st.stm32cube.ide.mcu.externaltools.gnu-tools-for-stm32.11.3.rel1.linux64_1.1.100.202309141235/tools/bin/../lib/gcc/arm-none-eabi/11.3.1/thumb/v7e-m+fp/hard/crti.o
                0x00000000080047bc                _fini
 .fini          0x00000000080047c0        0x8 /opt/st/stm32cubeide_1.14.0/plugins/com.st.stm32cube.ide.mcu.externaltools.gnu-tools-for-stm32.11.3.rel1.linux64_1.1.100.202309141235/tools/bin/../lib/gcc/arm-none-eabi/11.3.1/thumb/v7e-m+fp/hard/crtn.o
                0x00000000080047c8                . = ALIGN (0x4)
                0x00000000080047c8                _etext = .

.vfp11_veneer   0x00000000080047c8        0x0
 .vfp11_veneer  0x00000000080047c8        0x0 linker stubs

.v4_bx          0x00000000080047c8        0x0
 .v4_bx         0x00000000080047c8        0x0 linker stubs

.iplt           0x00000000080047c8        0x0
 .iplt          0x00000000080047c8        0x0 /opt/st/stm32cubeide_1.14.0/plugins/com.st.stm32cube.ide.mcu.externaltools.gnu-tools-for-stm32.11.3.rel1.linux64_1.1.100.202309141235/tools/bin/../lib/gcc/arm-none-eabi/11.3.1/thumb/v7e-m+fp/hard/crtbegin.o

.rodata         0x00000000080047c8       0x28
                0x00000000080047c8                . = ALIGN (0x4)
 *(.rodata)
 .rodata        0x00000000080047c8       0x15 ./Core/Src/NRF24L01.o
 *(.rodata*)
 *fill*         0x00000000080047dd        0x3 
 .rodata.AHBPrescTable
                0x00000000080047e0       0x10 ./Core/Src/system_stm32f4xx.o
                0x00000000080047e0                AHBPrescTable
                0x00000000080047f0                . = ALIGN (0x4)

.ARM.extab      0x00000000080047f0        0x0
                0x00000000080047f0                . = ALIGN (0x4)
 *(.ARM.extab* .gnu.linkonce.armextab.*)
                0x00000000080047f0                . = ALIGN (0x4)

.ARM            0x00000000080047f0        0x8
                0x00000000080047f0                . = ALIGN (0x4)
                0x00000000080047f0                __exidx_start = .
 *(.ARM.exidx*)
 .ARM.exidx     0x00000000080047f0        0x8 /opt/st/stm32cubeide_1.14.0/plugins/com.st.stm32cube.ide.mcu.externaltools.gnu-tools-for-stm32.11.3.rel1.linux64_1.1.100.202309141235/tools/bin/../lib/gcc/arm-none-eabi/11.3.1/thumb/v7e-m+fp/hard/libgcc.a(_udivmoddi4.o)
                0x00000000080047f8                __exidx_end = .
                0x00000000080047f8                . = ALIGN (0x4)

.rel.dyn        0x00000000080047f8        0x0
 .rel.iplt      0x00000000080047f8        0x0 /opt/st/stm32cubeide_1.14.0/plugins/com.st.stm32cube.ide.mcu.externaltools.gnu-tools-for-stm32.11.3.rel1.linux64_1.1.100.202309141235/tools/bin/../lib/gcc/arm-none-eabi/11.3.1/thumb/v7e-m+fp/hard/crtbegin.o

.preinit_array  0x00000000080047f8        0x0
                0x00000000080047f8                . = ALIGN (0x4)
                0x00000000080047f8                PROVIDE (__preinit_array_start = .)
 *(.preinit_array*)
                0x00000000080047f8                PROVIDE (__preinit_array_end = .)
                0x00000000080047f8                . = ALIGN (0x4)

.init_array     0x00000000080047f8        0x4
                0x00000000080047f8                . = ALIGN (0x4)
                0x00000000080047f8                PROVIDE (__init_array_start = .)
 *(SORT_BY_NAME(.init_array.*))
 *(.init_array*)
 .init_array    0x00000000080047f8        0x4 /opt/st/stm32cubeide_1.14.0/plugins/com.st.stm32cube.ide.mcu.externaltools.gnu-tools-for-stm32.11.3.rel1.linux64_1.1.100.202309141235/tools/bin/../lib/gcc/arm-none-eabi/11.3.1/thumb/v7e-m+fp/hard/crtbegin.o
                0x00000000080047fc                PROVIDE (__init_array_end = .)
                0x00000000080047fc                . = ALIGN (0x4)

.fini_array     0x00000000080047fc        0x4
                0x00000000080047fc                . = ALIGN (0x4)
                [!provide]                        PROVIDE (__fini_array_start = .)
 *(SORT_BY_NAME(.fini_array.*))
 *(.fini_array*)
 .fini_array    0x00000000080047fc        0x4 /opt/st/stm32cubeide_1.14.0/plugins/com.st.stm32cube.ide.mcu.externaltools.gnu-tools-for-stm32.11.3.rel1.linux64_1.1.100.202309141235/tools/bin/../lib/gcc/arm-none-eabi/11.3.1/thumb/v7e-m+fp/hard/crtbegin.o
                [!provide]                        PROVIDE (__fini_array_end = .)
                0x0000000008004800                . = ALIGN (0x4)
                0x0000000008004800                _sidata = LOADADDR (.data)

.data           0x0000000020000000       0x14 load address 0x0000000008004800
                0x0000000020000000                . = ALIGN (0x4)
                0x0000000020000000                _sdata = .
 *(.data)
 *(.data*)
 .data.Rxaddr   0x0000000020000000        0x5 ./Core/Src/main.o
                0x0000000020000000                Rxaddr
 *fill*         0x0000000020000005        0x3 
 .data.SystemCoreClock
                0x0000000020000008        0x4 ./Core/Src/system_stm32f4xx.o
                0x0000000020000008                SystemCoreClock
 .data.uwTickPrio
                0x000000002000000c        0x4 ./Drivers/STM32F4xx_HAL_Driver/Src/stm32f4xx_hal.o
                0x000000002000000c                uwTickPrio
 .data.uwTickFreq
                0x0000000020000010        0x1 ./Drivers/STM32F4xx_HAL_Driver/Src/stm32f4xx_hal.o
                0x0000000020000010                uwTickFreq
 *(.RamFunc)
 *(.RamFunc*)
                0x0000000020000014                . = ALIGN (0x4)
 *fill*         0x0000000020000011        0x3 
                0x0000000020000014                _edata = .

.igot.plt       0x0000000020000014        0x0 load address 0x0000000008004814
 .igot.plt      0x0000000020000014        0x0 /opt/st/stm32cubeide_1.14.0/plugins/com.st.stm32cube.ide.mcu.externaltools.gnu-tools-for-stm32.11.3.rel1.linux64_1.1.100.202309141235/tools/bin/../lib/gcc/arm-none-eabi/11.3.1/thumb/v7e-m+fp/hard/crtbegin.o
                0x0000000020000014                . = ALIGN (0x4)

.bss            0x0000000020000014      0x17c load address 0x0000000008004814
                0x0000000020000014                _sbss = .
                0x0000000020000014                __bss_start__ = _sbss
 *(.bss)
 .bss           0x0000000020000014       0x1c /opt/st/stm32cubeide_1.14.0/plugins/com.st.stm32cube.ide.mcu.externaltools.gnu-tools-for-stm32.11.3.rel1.linux64_1.1.100.202309141235/tools/bin/../lib/gcc/arm-none-eabi/11.3.1/thumb/v7e-m+fp/hard/crtbegin.o
 *(.bss*)
 .bss.RxData    0x0000000020000030        0x8 ./Core/Src/main.o
                0x0000000020000030                RxData
 .bss.lastTime  0x0000000020000038        0x4 ./Core/Src/main.o
                0x0000000020000038                lastTime
 .bss.M1        0x000000002000003c        0x4 ./Core/Src/main.o
                0x000000002000003c                M1
 .bss.M2        0x0000000020000040        0x4 ./Core/Src/main.o
                0x0000000020000040                M2
 .bss.Vx        0x0000000020000044        0x4 ./Core/Src/main.o
                0x0000000020000044                Vx
 .bss.VX        0x0000000020000048        0x4 ./Core/Src/main.o
                0x0000000020000048                VX
 .bss.VY        0x000000002000004c        0x4 ./Core/Src/main.o
                0x000000002000004c                VY
 .bss.Omega     0x0000000020000050        0x4 ./Core/Src/main.o
                0x0000000020000050                Omega
 .bss.speed1    0x0000000020000054        0x1 ./Core/Src/main.o
                0x0000000020000054                speed1
 .bss.speed2    0x0000000020000055        0x1 ./Core/Src/main.o
                0x0000000020000055                speed2
 *fill*         0x0000000020000056        0x2 
 .bss.speed     0x0000000020000058        0x4 ./Core/Src/main.o
                0x0000000020000058                speed
 .bss.hspi1     0x000000002000005c       0x58 ./Core/Src/spi.o
                0x000000002000005c                hspi1
 .bss.htim1     0x00000000200000b4       0x48 ./Core/Src/tim.o
                0x00000000200000b4                htim1
 .bss.htim2     0x00000000200000fc       0x48 ./Core/Src/tim.o
                0x00000000200000fc                htim2
 .bss.htim3     0x0000000020000144       0x48 ./Core/Src/tim.o
                0x0000000020000144                htim3
 .bss.uwTick    0x000000002000018c        0x4 ./Drivers/STM32F4xx_HAL_Driver/Src/stm32f4xx_hal.o
                0x000000002000018c                uwTick
 *(COMMON)
                0x0000000020000190                . = ALIGN (0x4)
                0x0000000020000190                _ebss = .
                0x0000000020000190                __bss_end__ = _ebss

._user_heap_stack
                0x0000000020000190      0x600 load address 0x0000000008004814
                0x0000000020000190                . = ALIGN (0x8)
                [!provide]                        PROVIDE (end = .)
                0x0000000020000190                PROVIDE (_end = .)
                0x0000000020000390                . = (. + _Min_Heap_Size)
 *fill*         0x0000000020000190      0x200 
                0x0000000020000790                . = (. + _Min_Stack_Size)
 *fill*         0x0000000020000390      0x400 
                0x0000000020000790                . = ALIGN (0x8)

/DISCARD/
 libc.a(*)
 libm.a(*)
 libgcc.a(*)

.ARM.attributes
                0x0000000000000000       0x30
 *(.ARM.attributes)
 .ARM.attributes
                0x0000000000000000       0x1e /opt/st/stm32cubeide_1.14.0/plugins/com.st.stm32cube.ide.mcu.externaltools.gnu-tools-for-stm32.11.3.rel1.linux64_1.1.100.202309141235/tools/bin/../lib/gcc/arm-none-eabi/11.3.1/thumb/v7e-m+fp/hard/crti.o
 .ARM.attributes
                0x000000000000001e       0x34 /opt/st/stm32cubeide_1.14.0/plugins/com.st.stm32cube.ide.mcu.externaltools.gnu-tools-for-stm32.11.3.rel1.linux64_1.1.100.202309141235/tools/bin/../lib/gcc/arm-none-eabi/11.3.1/thumb/v7e-m+fp/hard/crtbegin.o
 .ARM.attributes
                0x0000000000000052       0x34 ./Core/Src/NRF24L01.o
 .ARM.attributes
                0x0000000000000086       0x34 ./Core/Src/gpio.o
 .ARM.attributes
                0x00000000000000ba       0x34 ./Core/Src/main.o
 .ARM.attributes
                0x00000000000000ee       0x34 ./Core/Src/spi.o
 .ARM.attributes
                0x0000000000000122       0x34 ./Core/Src/stm32f4xx_hal_msp.o
 .ARM.attributes
                0x0000000000000156       0x34 ./Core/Src/stm32f4xx_it.o
 .ARM.attributes
                0x000000000000018a       0x34 ./Core/Src/system_stm32f4xx.o
 .ARM.attributes
                0x00000000000001be       0x34 ./Core/Src/tim.o
 .ARM.attributes
                0x00000000000001f2       0x21 ./Core/Startup/startup_stm32f401ccux.o
 .ARM.attributes
                0x0000000000000213       0x34 ./Drivers/STM32F4xx_HAL_Driver/Src/stm32f4xx_hal.o
 .ARM.attributes
                0x0000000000000247       0x34 ./Drivers/STM32F4xx_HAL_Driver/Src/stm32f4xx_hal_cortex.o
 .ARM.attributes
                0x000000000000027b       0x34 ./Drivers/STM32F4xx_HAL_Driver/Src/stm32f4xx_hal_gpio.o
 .ARM.attributes
                0x00000000000002af       0x34 ./Drivers/STM32F4xx_HAL_Driver/Src/stm32f4xx_hal_rcc.o
 .ARM.attributes
                0x00000000000002e3       0x34 ./Drivers/STM32F4xx_HAL_Driver/Src/stm32f4xx_hal_spi.o
 .ARM.attributes
                0x0000000000000317       0x34 ./Drivers/STM32F4xx_HAL_Driver/Src/stm32f4xx_hal_tim.o
 .ARM.attributes
                0x000000000000034b       0x34 ./Drivers/STM32F4xx_HAL_Driver/Src/stm32f4xx_hal_tim_ex.o
 .ARM.attributes
                0x000000000000037f       0x34 /opt/st/stm32cubeide_1.14.0/plugins/com.st.stm32cube.ide.mcu.externaltools.gnu-tools-for-stm32.11.3.rel1.linux64_1.1.100.202309141235/tools/bin/../lib/gcc/arm-none-eabi/11.3.1/../../../../arm-none-eabi/lib/thumb/v7e-m+fp/hard/libc_nano.a(libc_a-memset.o)
 .ARM.attributes
                0x00000000000003b3       0x34 /opt/st/stm32cubeide_1.14.0/plugins/com.st.stm32cube.ide.mcu.externaltools.gnu-tools-for-stm32.11.3.rel1.linux64_1.1.100.202309141235/tools/bin/../lib/gcc/arm-none-eabi/11.3.1/../../../../arm-none-eabi/lib/thumb/v7e-m+fp/hard/libc_nano.a(libc_a-init.o)
 .ARM.attributes
                0x00000000000003e7       0x1e /opt/st/stm32cubeide_1.14.0/plugins/com.st.stm32cube.ide.mcu.externaltools.gnu-tools-for-stm32.11.3.rel1.linux64_1.1.100.202309141235/tools/bin/../lib/gcc/arm-none-eabi/11.3.1/thumb/v7e-m+fp/hard/libgcc.a(_arm_addsubdf3.o)
 .ARM.attributes
                0x0000000000000405       0x1e /opt/st/stm32cubeide_1.14.0/plugins/com.st.stm32cube.ide.mcu.externaltools.gnu-tools-for-stm32.11.3.rel1.linux64_1.1.100.202309141235/tools/bin/../lib/gcc/arm-none-eabi/11.3.1/thumb/v7e-m+fp/hard/libgcc.a(_arm_muldivdf3.o)
 .ARM.attributes
                0x0000000000000423       0x1e /opt/st/stm32cubeide_1.14.0/plugins/com.st.stm32cube.ide.mcu.externaltools.gnu-tools-for-stm32.11.3.rel1.linux64_1.1.100.202309141235/tools/bin/../lib/gcc/arm-none-eabi/11.3.1/thumb/v7e-m+fp/hard/libgcc.a(_arm_truncdfsf2.o)
 .ARM.attributes
                0x0000000000000441       0x1e /opt/st/stm32cubeide_1.14.0/plugins/com.st.stm32cube.ide.mcu.externaltools.gnu-tools-for-stm32.11.3.rel1.linux64_1.1.100.202309141235/tools/bin/../lib/gcc/arm-none-eabi/11.3.1/thumb/v7e-m+fp/hard/libgcc.a(_aeabi_uldivmod.o)
 .ARM.attributes
                0x000000000000045f       0x34 /opt/st/stm32cubeide_1.14.0/plugins/com.st.stm32cube.ide.mcu.externaltools.gnu-tools-for-stm32.11.3.rel1.linux64_1.1.100.202309141235/tools/bin/../lib/gcc/arm-none-eabi/11.3.1/thumb/v7e-m+fp/hard/libgcc.a(_udivmoddi4.o)
 .ARM.attributes
                0x0000000000000493       0x1e /opt/st/stm32cubeide_1.14.0/plugins/com.st.stm32cube.ide.mcu.externaltools.gnu-tools-for-stm32.11.3.rel1.linux64_1.1.100.202309141235/tools/bin/../lib/gcc/arm-none-eabi/11.3.1/thumb/v7e-m+fp/hard/libgcc.a(_dvmd_tls.o)
 .ARM.attributes
                0x00000000000004b1       0x1e /opt/st/stm32cubeide_1.14.0/plugins/com.st.stm32cube.ide.mcu.externaltools.gnu-tools-for-stm32.11.3.rel1.linux64_1.1.100.202309141235/tools/bin/../lib/gcc/arm-none-eabi/11.3.1/thumb/v7e-m+fp/hard/crtn.o
OUTPUT(F401_RobotFight_Rx.elf elf32-littlearm)
LOAD linker stubs
LOAD /opt/st/stm32cubeide_1.14.0/plugins/com.st.stm32cube.ide.mcu.externaltools.gnu-tools-for-stm32.11.3.rel1.linux64_1.1.100.202309141235/tools/bin/../lib/gcc/arm-none-eabi/11.3.1/../../../../arm-none-eabi/lib/thumb/v7e-m+fp/hard/libc.a
LOAD /opt/st/stm32cubeide_1.14.0/plugins/com.st.stm32cube.ide.mcu.externaltools.gnu-tools-for-stm32.11.3.rel1.linux64_1.1.100.202309141235/tools/bin/../lib/gcc/arm-none-eabi/11.3.1/../../../../arm-none-eabi/lib/thumb/v7e-m+fp/hard/libm.a
LOAD /opt/st/stm32cubeide_1.14.0/plugins/com.st.stm32cube.ide.mcu.externaltools.gnu-tools-for-stm32.11.3.rel1.linux64_1.1.100.202309141235/tools/bin/../lib/gcc/arm-none-eabi/11.3.1/thumb/v7e-m+fp/hard/libgcc.a

.comment        0x0000000000000000       0x43
 .comment       0x0000000000000000       0x43 /opt/st/stm32cubeide_1.14.0/plugins/com.st.stm32cube.ide.mcu.externaltools.gnu-tools-for-stm32.11.3.rel1.linux64_1.1.100.202309141235/tools/bin/../lib/gcc/arm-none-eabi/11.3.1/thumb/v7e-m+fp/hard/crtbegin.o
                                         0x44 (size before relaxing)
 .comment       0x0000000000000043       0x44 ./Core/Src/NRF24L01.o
 .comment       0x0000000000000043       0x44 ./Core/Src/gpio.o
 .comment       0x0000000000000043       0x44 ./Core/Src/main.o
 .comment       0x0000000000000043       0x44 ./Core/Src/spi.o
 .comment       0x0000000000000043       0x44 ./Core/Src/stm32f4xx_hal_msp.o
 .comment       0x0000000000000043       0x44 ./Core/Src/stm32f4xx_it.o
 .comment       0x0000000000000043       0x44 ./Core/Src/system_stm32f4xx.o
 .comment       0x0000000000000043       0x44 ./Core/Src/tim.o
 .comment       0x0000000000000043       0x44 ./Drivers/STM32F4xx_HAL_Driver/Src/stm32f4xx_hal.o
 .comment       0x0000000000000043       0x44 ./Drivers/STM32F4xx_HAL_Driver/Src/stm32f4xx_hal_cortex.o
 .comment       0x0000000000000043       0x44 ./Drivers/STM32F4xx_HAL_Driver/Src/stm32f4xx_hal_gpio.o
 .comment       0x0000000000000043       0x44 ./Drivers/STM32F4xx_HAL_Driver/Src/stm32f4xx_hal_rcc.o
 .comment       0x0000000000000043       0x44 ./Drivers/STM32F4xx_HAL_Driver/Src/stm32f4xx_hal_spi.o
 .comment       0x0000000000000043       0x44 ./Drivers/STM32F4xx_HAL_Driver/Src/stm32f4xx_hal_tim.o
 .comment       0x0000000000000043       0x44 ./Drivers/STM32F4xx_HAL_Driver/Src/stm32f4xx_hal_tim_ex.o

.debug_info     0x0000000000000000     0xb5c2
 .debug_info    0x0000000000000000      0xad1 ./Core/Src/NRF24L01.o
 .debug_info    0x0000000000000ad1      0x417 ./Core/Src/gpio.o
 .debug_info    0x0000000000000ee8      0xd00 ./Core/Src/main.o
 .debug_info    0x0000000000001be8      0x976 ./Core/Src/spi.o
 .debug_info    0x000000000000255e      0x291 ./Core/Src/stm32f4xx_hal_msp.o
 .debug_info    0x00000000000027ef      0x112 ./Core/Src/stm32f4xx_it.o
 .debug_info    0x0000000000002901      0x53e ./Core/Src/system_stm32f4xx.o
 .debug_info    0x0000000000002e3f      0xe1b ./Core/Src/tim.o
 .debug_info    0x0000000000003c5a       0x23 ./Core/Startup/startup_stm32f401ccux.o
 .debug_info    0x0000000000003c7d      0x8bb ./Drivers/STM32F4xx_HAL_Driver/Src/stm32f4xx_hal.o
 .debug_info    0x0000000000004538      0xcb0 ./Drivers/STM32F4xx_HAL_Driver/Src/stm32f4xx_hal_cortex.o
 .debug_info    0x00000000000051e8      0x6f9 ./Drivers/STM32F4xx_HAL_Driver/Src/stm32f4xx_hal_gpio.o
 .debug_info    0x00000000000058e1      0x8f3 ./Drivers/STM32F4xx_HAL_Driver/Src/stm32f4xx_hal_rcc.o
 .debug_info    0x00000000000061d4     0x1606 ./Drivers/STM32F4xx_HAL_Driver/Src/stm32f4xx_hal_spi.o
 .debug_info    0x00000000000077da     0x2941 ./Drivers/STM32F4xx_HAL_Driver/Src/stm32f4xx_hal_tim.o
 .debug_info    0x000000000000a11b     0x14a7 ./Drivers/STM32F4xx_HAL_Driver/Src/stm32f4xx_hal_tim_ex.o

.debug_abbrev   0x0000000000000000     0x1f4a
 .debug_abbrev  0x0000000000000000      0x2b4 ./Core/Src/NRF24L01.o
 .debug_abbrev  0x00000000000002b4      0x151 ./Core/Src/gpio.o
 .debug_abbrev  0x0000000000000405      0x2d1 ./Core/Src/main.o
 .debug_abbrev  0x00000000000006d6      0x1f1 ./Core/Src/spi.o
 .debug_abbrev  0x00000000000008c7       0xd8 ./Core/Src/stm32f4xx_hal_msp.o
 .debug_abbrev  0x000000000000099f       0x73 ./Core/Src/stm32f4xx_it.o
 .debug_abbrev  0x0000000000000a12      0x11a ./Core/Src/system_stm32f4xx.o
 .debug_abbrev  0x0000000000000b2c      0x27f ./Core/Src/tim.o
 .debug_abbrev  0x0000000000000dab       0x12 ./Core/Startup/startup_stm32f401ccux.o
 .debug_abbrev  0x0000000000000dbd      0x24b ./Drivers/STM32F4xx_HAL_Driver/Src/stm32f4xx_hal.o
 .debug_abbrev  0x0000000000001008      0x327 ./Drivers/STM32F4xx_HAL_Driver/Src/stm32f4xx_hal_cortex.o
 .debug_abbrev  0x000000000000132f      0x1d3 ./Drivers/STM32F4xx_HAL_Driver/Src/stm32f4xx_hal_gpio.o
 .debug_abbrev  0x0000000000001502      0x2b5 ./Drivers/STM32F4xx_HAL_Driver/Src/stm32f4xx_hal_rcc.o
 .debug_abbrev  0x00000000000017b7      0x280 ./Drivers/STM32F4xx_HAL_Driver/Src/stm32f4xx_hal_spi.o
 .debug_abbrev  0x0000000000001a37      0x284 ./Drivers/STM32F4xx_HAL_Driver/Src/stm32f4xx_hal_tim.o
 .debug_abbrev  0x0000000000001cbb      0x28f ./Drivers/STM32F4xx_HAL_Driver/Src/stm32f4xx_hal_tim_ex.o

.debug_aranges  0x0000000000000000      0xc38
 .debug_aranges
                0x0000000000000000       0x90 ./Core/Src/NRF24L01.o
 .debug_aranges
                0x0000000000000090       0x20 ./Core/Src/gpio.o
 .debug_aranges
                0x00000000000000b0       0x40 ./Core/Src/main.o
 .debug_aranges
                0x00000000000000f0       0x30 ./Core/Src/spi.o
 .debug_aranges
                0x0000000000000120       0x20 ./Core/Src/stm32f4xx_hal_msp.o
 .debug_aranges
                0x0000000000000140       0x60 ./Core/Src/stm32f4xx_it.o
 .debug_aranges
                0x00000000000001a0       0x28 ./Core/Src/system_stm32f4xx.o
 .debug_aranges
                0x00000000000001c8       0x58 ./Core/Src/tim.o
 .debug_aranges
                0x0000000000000220       0x28 ./Core/Startup/startup_stm32f401ccux.o
 .debug_aranges
                0x0000000000000248       0xf0 ./Drivers/STM32F4xx_HAL_Driver/Src/stm32f4xx_hal.o
 .debug_aranges
                0x0000000000000338      0x118 ./Drivers/STM32F4xx_HAL_Driver/Src/stm32f4xx_hal_cortex.o
 .debug_aranges
                0x0000000000000450       0x58 ./Drivers/STM32F4xx_HAL_Driver/Src/stm32f4xx_hal_gpio.o
 .debug_aranges
                0x00000000000004a8       0x88 ./Drivers/STM32F4xx_HAL_Driver/Src/stm32f4xx_hal_rcc.o
 .debug_aranges
                0x0000000000000530      0x1d0 ./Drivers/STM32F4xx_HAL_Driver/Src/stm32f4xx_hal_spi.o
 .debug_aranges
                0x0000000000000700      0x3d0 ./Drivers/STM32F4xx_HAL_Driver/Src/stm32f4xx_hal_tim.o
 .debug_aranges
                0x0000000000000ad0      0x168 ./Drivers/STM32F4xx_HAL_Driver/Src/stm32f4xx_hal_tim_ex.o

.debug_rnglists
                0x0000000000000000      0x965
 .debug_rnglists
                0x0000000000000000       0x69 ./Core/Src/NRF24L01.o
 .debug_rnglists
                0x0000000000000069       0x14 ./Core/Src/gpio.o
 .debug_rnglists
                0x000000000000007d       0x2e ./Core/Src/main.o
 .debug_rnglists
                0x00000000000000ab       0x20 ./Core/Src/spi.o
 .debug_rnglists
                0x00000000000000cb       0x13 ./Core/Src/stm32f4xx_hal_msp.o
 .debug_rnglists
                0x00000000000000de       0x43 ./Core/Src/stm32f4xx_it.o
 .debug_rnglists
                0x0000000000000121       0x1a ./Core/Src/system_stm32f4xx.o
 .debug_rnglists
                0x000000000000013b       0x41 ./Core/Src/tim.o
 .debug_rnglists
                0x000000000000017c       0x19 ./Core/Startup/startup_stm32f401ccux.o
 .debug_rnglists
                0x0000000000000195       0xaf ./Drivers/STM32F4xx_HAL_Driver/Src/stm32f4xx_hal.o
 .debug_rnglists
                0x0000000000000244       0xce ./Drivers/STM32F4xx_HAL_Driver/Src/stm32f4xx_hal_cortex.o
 .debug_rnglists
                0x0000000000000312       0x3f ./Drivers/STM32F4xx_HAL_Driver/Src/stm32f4xx_hal_gpio.o
 .debug_rnglists
                0x0000000000000351       0x66 ./Drivers/STM32F4xx_HAL_Driver/Src/stm32f4xx_hal_rcc.o
 .debug_rnglists
                0x00000000000003b7      0x16f ./Drivers/STM32F4xx_HAL_Driver/Src/stm32f4xx_hal_spi.o
 .debug_rnglists
                0x0000000000000526      0x31a ./Drivers/STM32F4xx_HAL_Driver/Src/stm32f4xx_hal_tim.o
 .debug_rnglists
                0x0000000000000840      0x125 ./Drivers/STM32F4xx_HAL_Driver/Src/stm32f4xx_hal_tim_ex.o

.debug_macro    0x0000000000000000    0x1675a
 .debug_macro   0x0000000000000000      0x213 ./Core/Src/NRF24L01.o
 .debug_macro   0x0000000000000213      0xaa8 ./Core/Src/NRF24L01.o
 .debug_macro   0x0000000000000cbb      0x29b ./Core/Src/NRF24L01.o
 .debug_macro   0x0000000000000f56       0x2e ./Core/Src/NRF24L01.o
 .debug_macro   0x0000000000000f84       0x28 ./Core/Src/NRF24L01.o
 .debug_macro   0x0000000000000fac       0x22 ./Core/Src/NRF24L01.o
 .debug_macro   0x0000000000000fce       0x8e ./Core/Src/NRF24L01.o
 .debug_macro   0x000000000000105c       0x51 ./Core/Src/NRF24L01.o
 .debug_macro   0x00000000000010ad      0x103 ./Core/Src/NRF24L01.o
 .debug_macro   0x00000000000011b0       0x6a ./Core/Src/NRF24L01.o
 .debug_macro   0x000000000000121a      0x1df ./Core/Src/NRF24L01.o
 .debug_macro   0x00000000000013f9       0x1c ./Core/Src/NRF24L01.o
 .debug_macro   0x0000000000001415       0x22 ./Core/Src/NRF24L01.o
 .debug_macro   0x0000000000001437       0xd9 ./Core/Src/NRF24L01.o
 .debug_macro   0x0000000000001510     0x102d ./Core/Src/NRF24L01.o
 .debug_macro   0x000000000000253d      0x11f ./Core/Src/NRF24L01.o
 .debug_macro   0x000000000000265c     0xb86c ./Core/Src/NRF24L01.o
 .debug_macro   0x000000000000dec8       0x6d ./Core/Src/NRF24L01.o
 .debug_macro   0x000000000000df35     0x367e ./Core/Src/NRF24L01.o
 .debug_macro   0x00000000000115b3      0x174 ./Core/Src/NRF24L01.o
 .debug_macro   0x0000000000011727       0x5c ./Core/Src/NRF24L01.o
 .debug_macro   0x0000000000011783      0x416 ./Core/Src/NRF24L01.o
 .debug_macro   0x0000000000011b99      0x9fe ./Core/Src/NRF24L01.o
 .debug_macro   0x0000000000012597      0x115 ./Core/Src/NRF24L01.o
 .debug_macro   0x00000000000126ac       0xf8 ./Core/Src/NRF24L01.o
 .debug_macro   0x00000000000127a4       0xa5 ./Core/Src/NRF24L01.o
 .debug_macro   0x0000000000012849      0x15f ./Core/Src/NRF24L01.o
 .debug_macro   0x00000000000129a8      0x287 ./Core/Src/NRF24L01.o
 .debug_macro   0x0000000000012c2f       0x5f ./Core/Src/NRF24L01.o
 .debug_macro   0x0000000000012c8e      0x236 ./Core/Src/NRF24L01.o
 .debug_macro   0x0000000000012ec4      0x132 ./Core/Src/NRF24L01.o
 .debug_macro   0x0000000000012ff6      0x23a ./Core/Src/NRF24L01.o
 .debug_macro   0x0000000000013230       0x2e ./Core/Src/NRF24L01.o
 .debug_macro   0x000000000001325e      0x11a ./Core/Src/NRF24L01.o
 .debug_macro   0x0000000000013378       0x85 ./Core/Src/NRF24L01.o
 .debug_macro   0x00000000000133fd       0x89 ./Core/Src/NRF24L01.o
 .debug_macro   0x0000000000013486      0x225 ./Core/Src/NRF24L01.o
 .debug_macro   0x00000000000136ab      0x8e6 ./Core/Src/NRF24L01.o
 .debug_macro   0x0000000000013f91       0x47 ./Core/Src/NRF24L01.o
 .debug_macro   0x0000000000013fd8      0x126 ./Core/Src/NRF24L01.o
 .debug_macro   0x00000000000140fe       0xe8 ./Core/Src/NRF24L01.o
 .debug_macro   0x00000000000141e6      0x1e7 ./Core/Src/gpio.o
 .debug_macro   0x00000000000143cd       0x34 ./Core/Src/gpio.o
 .debug_macro   0x0000000000014401      0x2b3 ./Core/Src/main.o
 .debug_macro   0x00000000000146b4       0xee ./Core/Src/main.o
 .debug_macro   0x00000000000147a2       0x61 ./Core/Src/main.o
 .debug_macro   0x0000000000014803       0x2a ./Core/Src/main.o
 .debug_macro   0x000000000001482d       0x43 ./Core/Src/main.o
 .debug_macro   0x0000000000014870       0x34 ./Core/Src/main.o
 .debug_macro   0x00000000000148a4       0x16 ./Core/Src/main.o
 .debug_macro   0x00000000000148ba       0x43 ./Core/Src/main.o
 .debug_macro   0x00000000000148fd       0x34 ./Core/Src/main.o
 .debug_macro   0x0000000000014931       0x10 ./Core/Src/main.o
 .debug_macro   0x0000000000014941       0x58 ./Core/Src/main.o
 .debug_macro   0x0000000000014999       0x8e ./Core/Src/main.o
 .debug_macro   0x0000000000014a27       0x1c ./Core/Src/main.o
 .debug_macro   0x0000000000014a43      0x177 ./Core/Src/main.o
 .debug_macro   0x0000000000014bba      0x369 ./Core/Src/main.o
 .debug_macro   0x0000000000014f23      0x19b ./Core/Src/main.o
 .debug_macro   0x00000000000150be      0x1e7 ./Core/Src/spi.o
 .debug_macro   0x00000000000152a5      0x1dd ./Core/Src/stm32f4xx_hal_msp.o
 .debug_macro   0x0000000000015482      0x1e7 ./Core/Src/stm32f4xx_it.o
 .debug_macro   0x0000000000015669      0x1ce ./Core/Src/system_stm32f4xx.o
 .debug_macro   0x0000000000015837      0x1e7 ./Core/Src/tim.o
 .debug_macro   0x0000000000015a1e      0x22e ./Drivers/STM32F4xx_HAL_Driver/Src/stm32f4xx_hal.o
 .debug_macro   0x0000000000015c4c      0x1ce ./Drivers/STM32F4xx_HAL_Driver/Src/stm32f4xx_hal_cortex.o
 .debug_macro   0x0000000000015e1a      0x1d4 ./Drivers/STM32F4xx_HAL_Driver/Src/stm32f4xx_hal_gpio.o
 .debug_macro   0x0000000000015fee      0x1f2 ./Drivers/STM32F4xx_HAL_Driver/Src/stm32f4xx_hal_rcc.o
 .debug_macro   0x00000000000161e0      0x1dd ./Drivers/STM32F4xx_HAL_Driver/Src/stm32f4xx_hal_spi.o
 .debug_macro   0x00000000000163bd      0x1cf ./Drivers/STM32F4xx_HAL_Driver/Src/stm32f4xx_hal_tim.o
 .debug_macro   0x000000000001658c      0x1ce ./Drivers/STM32F4xx_HAL_Driver/Src/stm32f4xx_hal_tim_ex.o

.debug_line     0x0000000000000000     0xd63f
 .debug_line    0x0000000000000000      0x90c ./Core/Src/NRF24L01.o
 .debug_line    0x000000000000090c      0x6a1 ./Core/Src/gpio.o
 .debug_line    0x0000000000000fad      0xa63 ./Core/Src/main.o
 .debug_line    0x0000000000001a10      0x704 ./Core/Src/spi.o
 .debug_line    0x0000000000002114      0x693 ./Core/Src/stm32f4xx_hal_msp.o
 .debug_line    0x00000000000027a7      0x755 ./Core/Src/stm32f4xx_it.o
 .debug_line    0x0000000000002efc      0x714 ./Core/Src/system_stm32f4xx.o
 .debug_line    0x0000000000003610      0x910 ./Core/Src/tim.o
 .debug_line    0x0000000000003f20       0x7a ./Core/Startup/startup_stm32f401ccux.o
 .debug_line    0x0000000000003f9a      0x97a ./Drivers/STM32F4xx_HAL_Driver/Src/stm32f4xx_hal.o
 .debug_line    0x0000000000004914      0xc29 ./Drivers/STM32F4xx_HAL_Driver/Src/stm32f4xx_hal_cortex.o
 .debug_line    0x000000000000553d      0xab2 ./Drivers/STM32F4xx_HAL_Driver/Src/stm32f4xx_hal_gpio.o
 .debug_line    0x0000000000005fef      0xcf3 ./Drivers/STM32F4xx_HAL_Driver/Src/stm32f4xx_hal_rcc.o
 .debug_line    0x0000000000006ce2     0x1c0b ./Drivers/STM32F4xx_HAL_Driver/Src/stm32f4xx_hal_spi.o
 .debug_line    0x00000000000088ed     0x3440 ./Drivers/STM32F4xx_HAL_Driver/Src/stm32f4xx_hal_tim.o
 .debug_line    0x000000000000bd2d     0x1912 ./Drivers/STM32F4xx_HAL_Driver/Src/stm32f4xx_hal_tim_ex.o

.debug_str      0x0000000000000000    0x8c7c2
 .debug_str     0x0000000000000000    0x85bdf ./Core/Src/NRF24L01.o
                                      0x85eed (size before relaxing)
 .debug_str     0x0000000000085bdf      0x244 ./Core/Src/gpio.o
                                      0x85750 (size before relaxing)
 .debug_str     0x0000000000085e23     0x3d98 ./Core/Src/main.o
                                      0x899ab (size before relaxing)
 .debug_str     0x0000000000089bbb       0x5b ./Core/Src/spi.o
                                      0x85bdc (size before relaxing)
 .debug_str     0x0000000000089c16       0x2c ./Core/Src/stm32f4xx_hal_msp.o
                                      0x85685 (size before relaxing)
 .debug_str     0x0000000000089c42       0xc9 ./Core/Src/stm32f4xx_it.o
                                      0x855f9 (size before relaxing)
 .debug_str     0x0000000000089d0b       0xdb ./Core/Src/system_stm32f4xx.o
                                      0x8567b (size before relaxing)
 .debug_str     0x0000000000089de6      0x2d4 ./Core/Src/tim.o
                                      0x85f89 (size before relaxing)
 .debug_str     0x000000000008a0ba       0x34 ./Core/Startup/startup_stm32f401ccux.o
                                         0x80 (size before relaxing)
 .debug_str     0x000000000008a0ee      0x998 ./Drivers/STM32F4xx_HAL_Driver/Src/stm32f4xx_hal.o
                                      0x8609d (size before relaxing)
 .debug_str     0x000000000008aa86      0x354 ./Drivers/STM32F4xx_HAL_Driver/Src/stm32f4xx_hal_cortex.o
                                      0x85dbe (size before relaxing)
 .debug_str     0x000000000008adda      0x121 ./Drivers/STM32F4xx_HAL_Driver/Src/stm32f4xx_hal_gpio.o
                                      0x857f6 (size before relaxing)
 .debug_str     0x000000000008aefb      0x233 ./Drivers/STM32F4xx_HAL_Driver/Src/stm32f4xx_hal_rcc.o
                                      0x85aaf (size before relaxing)
 .debug_str     0x000000000008b12e      0x581 ./Drivers/STM32F4xx_HAL_Driver/Src/stm32f4xx_hal_spi.o
                                      0x85f2d (size before relaxing)
 .debug_str     0x000000000008b6af      0xd32 ./Drivers/STM32F4xx_HAL_Driver/Src/stm32f4xx_hal_tim.o
                                      0x869e3 (size before relaxing)
 .debug_str     0x000000000008c3e1      0x3e1 ./Drivers/STM32F4xx_HAL_Driver/Src/stm32f4xx_hal_tim_ex.o
                                      0x861ff (size before relaxing)

.debug_frame    0x0000000000000000     0x3380
 .debug_frame   0x0000000000000000      0x224 ./Core/Src/NRF24L01.o
 .debug_frame   0x0000000000000224       0x34 ./Core/Src/gpio.o
 .debug_frame   0x0000000000000258       0xb0 ./Core/Src/main.o
 .debug_frame   0x0000000000000308       0x74 ./Core/Src/spi.o
 .debug_frame   0x000000000000037c       0x38 ./Core/Src/stm32f4xx_hal_msp.o
 .debug_frame   0x00000000000003b4      0x104 ./Core/Src/stm32f4xx_it.o
 .debug_frame   0x00000000000004b8       0x58 ./Core/Src/system_stm32f4xx.o
 .debug_frame   0x0000000000000510      0x140 ./Core/Src/tim.o
 .debug_frame   0x0000000000000650      0x374 ./Drivers/STM32F4xx_HAL_Driver/Src/stm32f4xx_hal.o
 .debug_frame   0x00000000000009c4      0x498 ./Drivers/STM32F4xx_HAL_Driver/Src/stm32f4xx_hal_cortex.o
 .debug_frame   0x0000000000000e5c      0x14c ./Drivers/STM32F4xx_HAL_Driver/Src/stm32f4xx_hal_gpio.o
 .debug_frame   0x0000000000000fa8      0x1f4 ./Drivers/STM32F4xx_HAL_Driver/Src/stm32f4xx_hal_rcc.o
 .debug_frame   0x000000000000119c      0x824 ./Drivers/STM32F4xx_HAL_Driver/Src/stm32f4xx_hal_spi.o
 .debug_frame   0x00000000000019c0     0x11bc ./Drivers/STM32F4xx_HAL_Driver/Src/stm32f4xx_hal_tim.o
 .debug_frame   0x0000000000002b7c      0x638 ./Drivers/STM32F4xx_HAL_Driver/Src/stm32f4xx_hal_tim_ex.o
 .debug_frame   0x00000000000031b4       0x20 /opt/st/stm32cubeide_1.14.0/plugins/com.st.stm32cube.ide.mcu.externaltools.gnu-tools-for-stm32.11.3.rel1.linux64_1.1.100.202309141235/tools/bin/../lib/gcc/arm-none-eabi/11.3.1/../../../../arm-none-eabi/lib/thumb/v7e-m+fp/hard/libc_nano.a(libc_a-memset.o)
 .debug_frame   0x00000000000031d4       0x2c /opt/st/stm32cubeide_1.14.0/plugins/com.st.stm32cube.ide.mcu.externaltools.gnu-tools-for-stm32.11.3.rel1.linux64_1.1.100.202309141235/tools/bin/../lib/gcc/arm-none-eabi/11.3.1/../../../../arm-none-eabi/lib/thumb/v7e-m+fp/hard/libc_nano.a(libc_a-init.o)
 .debug_frame   0x0000000000003200       0xac /opt/st/stm32cubeide_1.14.0/plugins/com.st.stm32cube.ide.mcu.externaltools.gnu-tools-for-stm32.11.3.rel1.linux64_1.1.100.202309141235/tools/bin/../lib/gcc/arm-none-eabi/11.3.1/thumb/v7e-m+fp/hard/libgcc.a(_arm_addsubdf3.o)
 .debug_frame   0x00000000000032ac       0x50 /opt/st/stm32cubeide_1.14.0/plugins/com.st.stm32cube.ide.mcu.externaltools.gnu-tools-for-stm32.11.3.rel1.linux64_1.1.100.202309141235/tools/bin/../lib/gcc/arm-none-eabi/11.3.1/thumb/v7e-m+fp/hard/libgcc.a(_arm_muldivdf3.o)
 .debug_frame   0x00000000000032fc       0x24 /opt/st/stm32cubeide_1.14.0/plugins/com.st.stm32cube.ide.mcu.externaltools.gnu-tools-for-stm32.11.3.rel1.linux64_1.1.100.202309141235/tools/bin/../lib/gcc/arm-none-eabi/11.3.1/thumb/v7e-m+fp/hard/libgcc.a(_arm_truncdfsf2.o)
 .debug_frame   0x0000000000003320       0x2c /opt/st/stm32cubeide_1.14.0/plugins/com.st.stm32cube.ide.mcu.externaltools.gnu-tools-for-stm32.11.3.rel1.linux64_1.1.100.202309141235/tools/bin/../lib/gcc/arm-none-eabi/11.3.1/thumb/v7e-m+fp/hard/libgcc.a(_aeabi_uldivmod.o)
 .debug_frame   0x000000000000334c       0x34 /opt/st/stm32cubeide_1.14.0/plugins/com.st.stm32cube.ide.mcu.externaltools.gnu-tools-for-stm32.11.3.rel1.linux64_1.1.100.202309141235/tools/bin/../lib/gcc/arm-none-eabi/11.3.1/thumb/v7e-m+fp/hard/libgcc.a(_udivmoddi4.o)

.debug_line_str
                0x0000000000000000       0x74
 .debug_line_str
                0x0000000000000000       0x74 ./Core/Startup/startup_stm32f401ccux.o
                                         0x8c (size before relaxing)
